// Jest Snapshot v1, https://goo.gl/fbAQLP

exports[`components/datePicker renders in initial state 1`] = `
<DatePicker
  allowSameDay={false}
  dateFormat="yyyy-MM-dd hh:mm"
  dateFormatCalendar="LLLL yyyy"
  disabled={false}
  disabledKeyboardNavigation={false}
  dropdownMode="scroll"
  monthsShown={1}
  nextMonthButtonLabel="Next month"
  onBlur={[Function]}
  onChange={[Function]}
  onClickOutside={[Function]}
  onFocus={[Function]}
  onInputClick={[Function]}
  onInputError={[Function]}
  onKeyDown={[Function]}
  onMonthChange={[Function]}
  onSelect={[Function]}
  onYearChange={[Function]}
  placeholderText="Select date:"
  preventOpenOnFocus={false}
  previousMonthButtonLabel="Previous Month"
  readOnly={false}
  renderDayContents={[Function]}
  selected={null}
  shouldCloseOnSelect={true}
  showTimeSelect={true}
  timeCaption="Time"
  timeFormat="hh:mm"
  timeIntervals={15}
  withPortal={false}
/>
`;
